// Vitest Snapshot v1

exports[`hello world mount 1`] = `
"<div>4 x 2 = 8</div>
<button type=\\"button\\" class=\\"van-button van-button--primary van-button--normal\\">
  <div class=\\"van-button__content\\">
    <!----><span class=\\"van-button__text\\">x1</span>
    <!---->
  </div>
</button>"
`;
